// Jest Snapshot v1, https://goo.gl/fbAQLP

exports[`Navbar Component Test Renders NavBar 1`] = `
<header>
  <h1>
    Space Travelers' Hub
  </h1>
  <ul>
    <li>
      <a
        href="#/"
        onClick={[Function]}
      >
        Rockets
      </a>
    </li>
    <li>
      <a
        href="#/missions"
        onClick={[Function]}
      >
        Missions
      </a>
    </li>
    <li>
      <a
        href="#/profile"
        onClick={[Function]}
      >
        Profile
      </a>
    </li>
  </ul>
</header>
`;
